2026-05-19 22:30:53,183 - INFO - =======================================
2026-05-19 22:30:53,183 - INFO - Starting Test
2026-05-19 22:30:53,183 - INFO - Browser : chrome
2026-05-19 22:30:53,184 - INFO - Base URL : https://www.makemytrip.com/railways/
2026-05-19 22:30:53,184 - INFO - Implicit Wait : 5
2026-05-19 22:30:53,184 - INFO - Timeout : 10
2026-05-19 22:30:53,184 - INFO - Headless : False
2026-05-19 22:30:53,204 - INFO - ====== WebDriver manager ======
2026-05-19 22:30:54,242 - INFO - Driver [C:\Users\harsh\.wdm\drivers\chromedriver\win64\148.0.7778.167\chromedriver-win64/chromedriver.exe] found in cache by browser version
2026-05-19 22:30:58,314 - INFO - Opening URL : https://www.makemytrip.com/railways/
2026-05-19 22:30:58,739 - INFO - STARTING TRAIN SEARCH FLOW FOR: Delhi TO Lucknow
2026-05-19 22:30:58,740 - INFO - STARTING TRAIN SEARCH
2026-05-19 22:31:04,728 - INFO - LOGIN POPUP CLOSED
2026-05-19 22:31:07,750 - INFO - FROM STATION: Delhi
2026-05-19 22:31:07,947 - INFO - CLICKED FIELD: Delhi
2026-05-19 22:31:11,196 - INFO - TYPED STATION: Delhi
2026-05-19 22:31:14,335 - INFO - SELECTED STATION: Delhi
2026-05-19 22:31:16,337 - INFO - TO STATION: Lucknow
2026-05-19 22:31:16,379 - INFO - CLICKED FIELD: Lucknow
2026-05-19 22:31:19,595 - INFO - TYPED STATION: Lucknow
2026-05-19 22:31:22,645 - INFO - SELECTED STATION: Lucknow
2026-05-19 22:31:24,685 - INFO - DATE BOX CLICKED
2026-05-19 22:31:26,720 - INFO - 30 MAY 2026 DATE SELECTED
2026-05-19 22:31:28,721 - INFO - CLICKING SEARCH BUTTON
2026-05-19 22:31:32,586 - INFO - SEARCH BUTTON CLICKED
2026-05-19 22:31:42,596 - INFO - TRAIN SEARCH COMPLETED
2026-05-19 22:31:42,596 - INFO - TRAIN SEARCH COMPLETED FROM HOME PAGE
2026-05-19 22:31:42,761 - INFO - Screenshot saved at: reports/screenshots/1_After_Homepage_Search_20260519_223142.png
2026-05-19 22:31:42,777 - INFO - POM LOG: VERIFYING TRAIN SEARCH RESULTS PAGE
2026-05-19 22:31:44,796 - INFO - POM LOG: TRAIN SEARCH RESULTS CONTAINER VALIDATED
2026-05-19 22:31:44,796 - INFO - POM LOG: APPLYING AC FILTER
2026-05-19 22:31:46,013 - INFO - POM LOG: AC FILTER DEPLOYED NATIVELY
2026-05-19 22:31:49,018 - INFO - POM LOG: APPLYING AVAILABILITY FILTER
2026-05-19 22:31:50,144 - INFO - POM LOG: AVAILABILITY FILTER DEPLOYED NATIVELY
2026-05-19 22:31:53,597 - INFO - Screenshot saved at: reports/screenshots/2_After_Applying_Filters_20260519_223153.png
2026-05-19 22:31:53,621 - INFO - POM LOG: SELECTING FIRST AVAILABLE TRAIN SEAT OPTION
2026-05-19 22:31:56,657 - INFO - POM LOG: VERIFYING TARGET ELEMENT TEXT ---> 'Available 636'
2026-05-19 22:31:58,303 - INFO - POM LOG: NATIVE CLICK SENT TO AVAILABILITY TEXT ELEMENT
2026-05-19 22:32:03,310 - INFO - TRAIN SPECIFIC RUN SELECTION CAPTURED SUCCESSFULLY
2026-05-19 22:32:21,479 - INFO - Screenshot saved at: reports/screenshots/3_After_Seat_Selection_20260519_223203.png
2026-05-19 22:32:21,542 - INFO - POM LOG: TARGETING CANCELLATION PROTECTION RADIO BUTTON
2026-05-19 22:32:23,136 - INFO - POM LOG: CANCELLATION SELECTION SUCCESSFULLY COMPLETED
2026-05-19 22:32:23,137 - INFO - POM LOG: DISPATCHING CLICK INTERACTION TO ADD TRAVELLER LINK
2026-05-19 22:32:24,730 - INFO - POM LOG: ADD TRAVELLER POPUP MODAL INSTANTIATED SUCCESSFULLY
2026-05-19 22:32:24,731 - INFO - POM LOG: FILLING MODAL -> NAME: Harsh, AGE: 25, GENDER: Male
2026-05-19 22:32:32,005 - INFO - POM LOG: TRAVELLER SUBMITTED SUCCESSFULLY
2026-05-19 22:32:32,006 - INFO - TRAVELLER POPULATED SUCCESSFULLY VIA EXCEL
2026-05-19 22:32:32,006 - INFO - POM LOG: FILLING CONTACT DETAILS -> EMAIL: example@test.com, MOBILE: 9876543210
2026-05-19 22:32:32,996 - INFO - POM LOG: CONTACT DETAILS POPULATED SUCCESSFULLY
2026-05-19 22:32:32,996 - INFO - CONTACT DETAILS POPULATED SUCCESSFULLY
2026-05-19 22:32:33,095 - INFO - Screenshot saved at: reports/screenshots/4_After_Passenger_Details_20260519_223232.png
2026-05-19 22:32:33,123 - INFO - POM LOG: INITIATING IRCTC USERNAME OVERLAY SELECTION FOR: abhinavy918
2026-05-19 22:32:38,739 - INFO - POM LOG: Modal not detected. Forcing click on IRCTC trigger via JavaScript.
2026-05-19 22:32:45,858 - INFO - POM LOG: Clicking explicitly inside the IRCTC username popup input field.
2026-05-19 22:32:46,861 - INFO - POM LOG: IRCTC ID TYPED SUCCESSFULLY INTO ACTIVE MODAL INPUT LAYER
2026-05-19 22:32:50,913 - INFO - POM LOG: IRCTC ID SUBMITTED VIA MODAL EXECUTION
2026-05-19 22:32:50,913 - INFO - END-TO-END FLOW RUN COMPLETED SUCCESSFULLY
2026-05-19 22:32:51,009 - INFO - Screenshot saved at: reports/screenshots/5_After_IRCTC_Entry_20260519_223250.png
2026-05-19 22:32:51,025 - INFO - POM LOG: Targeting the mandatory confirmation checkbox wrapper.
2026-05-19 22:32:51,562 - INFO - POM LOG: Mandatory checkbox successfully marked.
2026-05-19 22:32:52,573 - INFO - MANDATORY ACKNOWLEDGEMENT CHECKBOX CONFIRMED AND SUCCESSFUL
2026-05-19 22:32:52,595 - INFO - POM LOG: Targeting the 'PAY & BOOK NOW' button anchor link.
2026-05-19 22:32:53,152 - INFO - POM LOG: 'PAY & BOOK NOW' action dispatched successfully.
2026-05-19 22:32:53,156 - INFO - PAY AND BOOK NOW BUTTON SELECTION COMPLETED SUCCESSFULLY
2026-05-19 22:32:53,235 - INFO - Screenshot saved at: reports/screenshots/6_After_Clicking_Pay_And_Book_20260519_223253.png
2026-05-19 22:32:53,254 - INFO - POM LOG: LOCATING CREDIT/DEBIT CARD PAYMENT TAB
2026-05-19 22:33:00,845 - INFO - POM LOG: CREDIT/DEBIT CARD TAB SELECTED SUCCESSFULLY
2026-05-19 22:33:02,849 - INFO - POM LOG: INITIALIZING CARD DETAILS INJECTION
2026-05-19 22:33:03,056 - INFO - POM LOG: CARD NUMBER COMMITTED
2026-05-19 22:33:04,126 - INFO - POM LOG: EXPIRY MONTH COMMITTED -> 12
2026-05-19 22:33:04,701 - INFO - POM LOG: EXPIRY YEAR COMMITTED -> 28
2026-05-19 22:33:05,291 - INFO - POM LOG: CVV COMMITTED
2026-05-19 22:33:05,903 - INFO - POM LOG: CARD HOLDER NAME COMMITTED
2026-05-19 22:33:06,904 - INFO - POM LOG: ALL DUMMY PAYMENT DETAILS INJECTED SUCCESSFULLY. END OF E2E FLOW REACHED.
2026-05-19 22:33:09,905 - INFO - TEST PIPELINE: PAYMENT DATA COMPLETELY COMMITTED
2026-05-19 22:33:10,022 - INFO - Screenshot saved at: reports/screenshots/7_Final_Payment_Page_State_20260519_223309.png
2026-05-19 22:33:10,126 - INFO - Closing Browser
2026-05-19 22:33:21,519 - INFO - Ending Test
2026-05-19 22:33:21,519 - INFO - =======================================
2026-05-19 22:47:17,179 - INFO - =======================================
2026-05-19 22:47:17,179 - INFO - Starting Test
2026-05-19 22:47:17,181 - INFO - Browser : chrome
2026-05-19 22:47:17,181 - INFO - Base URL : https://www.makemytrip.com/railways/
2026-05-19 22:47:17,181 - INFO - Implicit Wait : 5
2026-05-19 22:47:17,181 - INFO - Timeout : 10
2026-05-19 22:47:17,181 - INFO - Headless : False
2026-05-19 22:47:17,192 - INFO - ====== WebDriver manager ======
2026-05-19 22:47:18,057 - INFO - Driver [C:\Users\harsh\.wdm\drivers\chromedriver\win64\148.0.7778.167\chromedriver-win64/chromedriver.exe] found in cache by browser version
2026-05-19 22:47:20,118 - INFO - Opening URL : https://www.makemytrip.com/railways/
2026-05-19 22:47:22,673 - INFO - STARTING TRAIN SEARCH FLOW FOR: Delhi TO Lucknow
2026-05-19 22:47:22,690 - INFO - STARTING TRAIN SEARCH
2026-05-19 22:47:25,954 - INFO - LOGIN POPUP CLOSED
2026-05-19 22:47:28,968 - INFO - FROM STATION: Delhi
2026-05-19 22:47:29,374 - INFO - CLICKED FIELD: Delhi
2026-05-19 22:47:32,881 - INFO - TYPED STATION: Delhi
2026-05-19 22:47:36,308 - INFO - SELECTED STATION: Delhi
2026-05-19 22:47:38,310 - INFO - TO STATION: Lucknow
2026-05-19 22:47:38,340 - INFO - CLICKED FIELD: Lucknow
2026-05-19 22:47:41,612 - INFO - TYPED STATION: Lucknow
2026-05-19 22:47:44,667 - INFO - SELECTED STATION: Lucknow
2026-05-19 22:47:46,799 - INFO - DATE BOX CLICKED
2026-05-19 22:47:48,830 - INFO - 30 MAY 2026 DATE SELECTED
2026-05-19 22:47:50,831 - INFO - CLICKING SEARCH BUTTON
2026-05-19 22:47:54,667 - INFO - SEARCH BUTTON CLICKED
2026-05-19 22:48:04,669 - INFO - TRAIN SEARCH COMPLETED
2026-05-19 22:48:04,669 - INFO - TRAIN SEARCH COMPLETED FROM HOME PAGE
2026-05-19 22:48:04,843 - INFO - Screenshot saved at: reports/screenshots/1_After_Homepage_Search_20260519_224804.png
2026-05-19 22:48:04,870 - INFO - POM LOG: VERIFYING TRAIN SEARCH RESULTS PAGE
2026-05-19 22:48:06,912 - INFO - POM LOG: TRAIN SEARCH RESULTS CONTAINER VALIDATED
2026-05-19 22:48:06,914 - INFO - POM LOG: APPLYING AC FILTER
2026-05-19 22:48:08,218 - INFO - POM LOG: AC FILTER DEPLOYED NATIVELY
2026-05-19 22:48:11,220 - INFO - POM LOG: APPLYING AVAILABILITY FILTER
2026-05-19 22:48:12,327 - INFO - POM LOG: AVAILABILITY FILTER DEPLOYED NATIVELY
2026-05-19 22:48:15,494 - INFO - Screenshot saved at: reports/screenshots/2_After_Applying_Filters_20260519_224815.png
2026-05-19 22:48:15,514 - INFO - POM LOG: SELECTING FIRST AVAILABLE TRAIN SEAT OPTION
2026-05-19 22:48:18,934 - INFO - POM LOG: VERIFYING TARGET ELEMENT TEXT ---> 'Available 636'
2026-05-19 22:48:20,650 - INFO - POM LOG: NATIVE CLICK SENT TO AVAILABILITY TEXT ELEMENT
2026-05-19 22:48:25,747 - INFO - TRAIN SPECIFIC RUN SELECTION CAPTURED SUCCESSFULLY
2026-05-19 22:48:26,796 - INFO - Screenshot saved at: reports/screenshots/3_After_Seat_Selection_20260519_224825.png
2026-05-19 22:48:26,834 - INFO - POM LOG: TARGETING CANCELLATION PROTECTION RADIO BUTTON
2026-05-19 22:48:28,395 - INFO - POM LOG: CANCELLATION SELECTION SUCCESSFULLY COMPLETED
2026-05-19 22:48:28,396 - INFO - POM LOG: DISPATCHING CLICK INTERACTION TO ADD TRAVELLER LINK
2026-05-19 22:48:29,978 - INFO - POM LOG: ADD TRAVELLER POPUP MODAL INSTANTIATED SUCCESSFULLY
2026-05-19 22:48:29,979 - INFO - POM LOG: FILLING MODAL -> NAME: Harsh, AGE: 25, GENDER: Male
2026-05-19 22:48:36,957 - INFO - POM LOG: TRAVELLER SUBMITTED SUCCESSFULLY
2026-05-19 22:48:36,962 - INFO - TRAVELLER POPULATED SUCCESSFULLY VIA EXCEL
2026-05-19 22:48:36,969 - INFO - POM LOG: FILLING CONTACT DETAILS -> EMAIL: example@test.com, MOBILE: 9876543210
2026-05-19 22:48:38,088 - INFO - POM LOG: CONTACT DETAILS POPULATED SUCCESSFULLY
2026-05-19 22:48:38,088 - INFO - CONTACT DETAILS POPULATED SUCCESSFULLY
2026-05-19 22:48:38,181 - INFO - Screenshot saved at: reports/screenshots/4_After_Passenger_Details_20260519_224838.png
2026-05-19 22:48:38,195 - INFO - POM LOG: INITIATING IRCTC USERNAME OVERLAY SELECTION FOR: abhinavy918
2026-05-19 22:48:43,745 - INFO - POM LOG: Modal not detected. Forcing click on IRCTC trigger via JavaScript.
2026-05-19 22:48:50,877 - INFO - POM LOG: Clicking explicitly inside the IRCTC username popup input field.
2026-05-19 22:48:52,411 - INFO - POM LOG: IRCTC ID TYPED SUCCESSFULLY INTO ACTIVE MODAL INPUT LAYER
2026-05-19 22:48:56,466 - INFO - POM LOG: IRCTC ID SUBMITTED VIA MODAL EXECUTION
2026-05-19 22:48:56,466 - INFO - END-TO-END FLOW RUN COMPLETED SUCCESSFULLY
2026-05-19 22:48:56,541 - INFO - Screenshot saved at: reports/screenshots/5_After_IRCTC_Entry_20260519_224856.png
2026-05-19 22:48:56,551 - INFO - POM LOG: Targeting the mandatory confirmation checkbox wrapper.
2026-05-19 22:48:57,097 - INFO - POM LOG: Mandatory checkbox successfully marked.
2026-05-19 22:48:58,099 - INFO - MANDATORY ACKNOWLEDGEMENT CHECKBOX CONFIRMED AND SUCCESSFUL
2026-05-19 22:48:58,102 - INFO - POM LOG: Targeting the 'PAY & BOOK NOW' button anchor link.
2026-05-19 22:48:58,652 - INFO - POM LOG: 'PAY & BOOK NOW' action dispatched successfully.
2026-05-19 22:48:58,653 - INFO - PAY AND BOOK NOW BUTTON SELECTION COMPLETED SUCCESSFULLY
2026-05-19 22:48:58,732 - INFO - Screenshot saved at: reports/screenshots/6_After_Clicking_Pay_And_Book_20260519_224858.png
2026-05-19 22:48:58,748 - INFO - POM LOG: LOCATING CREDIT/DEBIT CARD PAYMENT TAB
2026-05-19 22:49:17,035 - INFO - POM LOG: CREDIT/DEBIT CARD TAB SELECTED SUCCESSFULLY
2026-05-19 22:49:19,070 - INFO - POM LOG: INITIALIZING CARD DETAILS INJECTION
2026-05-19 22:49:20,147 - INFO - POM LOG: CARD NUMBER COMMITTED
2026-05-19 22:49:21,230 - INFO - POM LOG: EXPIRY MONTH COMMITTED -> 12
2026-05-19 22:49:21,794 - INFO - POM LOG: EXPIRY YEAR COMMITTED -> 28
2026-05-19 22:49:22,395 - INFO - POM LOG: CVV COMMITTED
2026-05-19 22:49:23,012 - INFO - POM LOG: CARD HOLDER NAME COMMITTED
2026-05-19 22:49:24,014 - INFO - POM LOG: ALL DUMMY PAYMENT DETAILS INJECTED SUCCESSFULLY. END OF E2E FLOW REACHED.
2026-05-19 22:49:27,015 - INFO - TEST PIPELINE: PAYMENT DATA COMPLETELY COMMITTED
2026-05-19 22:49:27,107 - INFO - Screenshot saved at: reports/screenshots/7_Final_Payment_Page_State_20260519_224927.png
2026-05-19 22:49:27,190 - INFO - Closing Browser
2026-05-19 22:49:38,150 - INFO - Ending Test
2026-05-19 22:49:38,150 - INFO - =======================================
2026-05-19 23:31:59,822 - INFO - =======================================
2026-05-19 23:31:59,823 - INFO - Starting Test
2026-05-19 23:31:59,823 - INFO - Browser : chrome
2026-05-19 23:31:59,823 - INFO - Base URL : https://www.makemytrip.com/railways/
2026-05-19 23:31:59,823 - INFO - Implicit Wait : 5
2026-05-19 23:31:59,823 - INFO - Timeout : 10
2026-05-19 23:31:59,823 - INFO - Headless : False
2026-05-19 23:31:59,843 - INFO - ====== WebDriver manager ======
2026-05-19 23:32:00,894 - INFO - Driver [C:\Users\harsh\.wdm\drivers\chromedriver\win64\148.0.7778.167\chromedriver-win64/chromedriver.exe] found in cache by browser version
2026-05-19 23:32:02,959 - INFO - Opening URL : https://www.makemytrip.com/railways/
2026-05-19 23:32:03,457 - INFO - STARTING: Train search from Delhi to Ayodhya
2026-05-19 23:32:03,476 - INFO - STARTING TRAIN SEARCH
2026-05-19 23:32:08,809 - INFO - LOGIN POPUP CLOSED
2026-05-19 23:32:11,828 - INFO - FROM STATION: Delhi
2026-05-19 23:32:12,212 - INFO - CLICKED FIELD: Delhi
2026-05-19 23:32:15,467 - INFO - TYPED STATION: Delhi
2026-05-19 23:32:18,703 - INFO - SELECTED STATION: Delhi
2026-05-19 23:32:20,705 - INFO - TO STATION: Ayodhya
2026-05-19 23:32:20,755 - INFO - CLICKED FIELD: Ayodhya
2026-05-19 23:32:23,993 - INFO - TYPED STATION: Ayodhya
2026-05-19 23:32:27,035 - INFO - SELECTED STATION: Ayodhya
2026-05-19 23:32:29,074 - INFO - DATE BOX CLICKED
2026-05-19 23:32:31,105 - INFO - 30 MAY 2026 DATE SELECTED
2026-05-19 23:32:33,107 - INFO - CLICKING SEARCH BUTTON
2026-05-19 23:32:36,820 - INFO - SEARCH BUTTON CLICKED
2026-05-19 23:32:46,822 - INFO - TRAIN SEARCH COMPLETED
2026-05-19 23:32:46,822 - INFO - COMPLETED: Train search parameters submitted successfully.
2026-05-19 23:32:46,982 - INFO - Screenshot saved at: reports/screenshots/TC01_Search_Submitted_20260519_233246.png
2026-05-19 23:32:47,024 - INFO - STARTING: Validating train search results page components.
2026-05-19 23:32:47,028 - INFO - STARTING TRAIN SEARCH
2026-05-19 23:32:54,193 - INFO - CLICKED OUTSIDE POPUP
2026-05-19 23:32:57,195 - INFO - FROM STATION: Delhi
2026-05-19 23:32:57,305 - INFO - CLICKED FIELD: Delhi
2026-05-19 23:33:00,423 - INFO - TYPED STATION: Delhi
2026-05-19 23:33:14,473 - INFO - STARTING: Applying class and availability filter variations.
2026-05-19 23:33:14,474 - INFO - STARTING TRAIN SEARCH
2026-05-19 23:33:21,554 - INFO - CLICKED OUTSIDE POPUP
2026-05-19 23:33:24,555 - INFO - FROM STATION: Delhi
2026-05-19 23:33:24,611 - INFO - CLICKED FIELD: Delhi
2026-05-19 23:33:27,701 - INFO - TYPED STATION: Delhi
2026-05-19 23:33:41,256 - INFO - STARTING: Full Passenger injection to Payment handoff confirmation loop.
2026-05-19 23:33:41,256 - INFO - STARTING TRAIN SEARCH
2026-05-19 23:33:48,368 - INFO - CLICKED OUTSIDE POPUP
2026-05-19 23:33:51,369 - INFO - FROM STATION: Delhi
2026-05-19 23:33:51,424 - INFO - CLICKED FIELD: Delhi
2026-05-19 23:33:54,512 - INFO - TYPED STATION: Delhi
2026-05-19 23:34:08,120 - INFO - Closing Browser
2026-05-19 23:34:13,169 - INFO - Ending Test
2026-05-19 23:34:13,170 - INFO - =======================================
2026-05-19 23:36:40,167 - INFO - =======================================
2026-05-19 23:36:40,168 - INFO - Starting Test
2026-05-19 23:36:40,169 - INFO - Browser : chrome
2026-05-19 23:36:40,169 - INFO - Base URL : https://www.makemytrip.com/railways/
2026-05-19 23:36:40,169 - INFO - Implicit Wait : 5
2026-05-19 23:36:40,169 - INFO - Timeout : 10
2026-05-19 23:36:40,169 - INFO - Headless : False
2026-05-19 23:36:40,184 - INFO - ====== WebDriver manager ======
2026-05-19 23:36:41,104 - INFO - Driver [C:\Users\harsh\.wdm\drivers\chromedriver\win64\148.0.7778.167\chromedriver-win64/chromedriver.exe] found in cache by browser version
2026-05-19 23:36:43,660 - INFO - Opening URL : https://www.makemytrip.com/railways/
2026-05-19 23:36:47,929 - INFO - STARTING NEGATIVE RUN: Handling bad data search context -> XYZ_FAKE_STATION
2026-05-19 23:36:47,955 - INFO - STARTING TRAIN SEARCH
2026-05-19 23:36:50,301 - INFO - LOGIN POPUP CLOSED
2026-05-19 23:36:53,331 - INFO - FROM STATION: XYZ_FAKE_STATION
2026-05-19 23:36:53,832 - INFO - CLICKED FIELD: XYZ_FAKE_STATION
2026-05-19 23:36:58,682 - INFO - TYPED STATION: XYZ_FAKE_STATION
2026-05-19 23:37:01,832 - INFO - SELECTED STATION: XYZ_FAKE_STATION
2026-05-19 23:37:03,834 - INFO - TO STATION: Mumbai
2026-05-19 23:37:03,883 - INFO - CLICKED FIELD: Mumbai
2026-05-19 23:37:07,206 - INFO - TYPED STATION: Mumbai
2026-05-19 23:37:10,313 - INFO - SELECTED STATION: Mumbai
2026-05-19 23:37:12,435 - INFO - DATE BOX CLICKED
2026-05-19 23:37:14,565 - INFO - 30 MAY 2026 DATE SELECTED
2026-05-19 23:37:16,571 - INFO - CLICKING SEARCH BUTTON
2026-05-19 23:37:19,937 - INFO - SEARCH BUTTON CLICKED
2026-05-19 23:37:29,943 - INFO - TRAIN SEARCH COMPLETED
2026-05-19 23:37:29,944 - INFO - COMPLETED: Error UI visibility capture state saved.
2026-05-19 23:37:30,084 - INFO - Screenshot saved at: reports/screenshots/Negative_Invalid_Station_View_20260519_233729.png
2026-05-19 23:37:30,287 - INFO - STARTING NEGATIVE RUN: Injecting malformed phone number to trigger boundary warning flags.
2026-05-19 23:37:30,287 - INFO - STARTING TRAIN SEARCH
2026-05-19 23:37:37,431 - INFO - CLICKED OUTSIDE POPUP
2026-05-19 23:37:40,433 - INFO - FROM STATION: Delhi
2026-05-19 23:37:40,527 - INFO - CLICKED FIELD: Delhi
2026-05-19 23:37:43,840 - INFO - TYPED STATION: Delhi
2026-05-19 23:37:58,083 - INFO - Closing Browser
2026-05-19 23:38:02,804 - INFO - Ending Test
2026-05-19 23:38:02,804 - INFO - =======================================
2026-05-19 23:46:43,613 - INFO - =======================================
2026-05-19 23:46:43,613 - INFO - Starting Test
2026-05-19 23:46:43,614 - INFO - Browser : chrome
2026-05-19 23:46:43,614 - INFO - Base URL : https://www.makemytrip.com/railways/
2026-05-19 23:46:43,614 - INFO - Implicit Wait : 5
2026-05-19 23:46:43,614 - INFO - Timeout : 10
2026-05-19 23:46:43,614 - INFO - Headless : False
2026-05-19 23:46:43,623 - INFO - ====== WebDriver manager ======
2026-05-19 23:46:44,420 - INFO - Driver [C:\Users\harsh\.wdm\drivers\chromedriver\win64\148.0.7778.167\chromedriver-win64/chromedriver.exe] found in cache by browser version
2026-05-19 23:46:47,601 - INFO - Opening URL : https://www.makemytrip.com/railways/
2026-05-19 23:46:51,656 - INFO - STARTING TS_01: Train search from Delhi to Ayodhya
2026-05-19 23:46:51,656 - INFO - STARTING TRAIN SEARCH
2026-05-19 23:46:55,194 - INFO - LOGIN POPUP CLOSED
2026-05-19 23:46:58,195 - INFO - FROM STATION: Delhi
2026-05-19 23:46:58,598 - INFO - CLICKED FIELD: Delhi
2026-05-19 23:47:03,022 - INFO - TYPED STATION: Delhi
2026-05-19 23:47:06,136 - INFO - SELECTED STATION: Delhi
2026-05-19 23:47:08,137 - INFO - TO STATION: Ayodhya
2026-05-19 23:47:08,173 - INFO - CLICKED FIELD: Ayodhya
2026-05-19 23:47:11,527 - INFO - TYPED STATION: Ayodhya
2026-05-19 23:47:14,575 - INFO - SELECTED STATION: Ayodhya
2026-05-19 23:47:16,628 - INFO - DATE BOX CLICKED
2026-05-19 23:47:18,694 - INFO - 30 MAY 2026 DATE SELECTED
2026-05-19 23:47:20,695 - INFO - CLICKING SEARCH BUTTON
2026-05-19 23:47:24,123 - INFO - SEARCH BUTTON CLICKED
2026-05-19 23:47:34,126 - INFO - TRAIN SEARCH COMPLETED
2026-05-19 23:47:34,126 - INFO - COMPLETED TS_01: Search parameters successfully submitted.
2026-05-19 23:47:34,325 - INFO - Screenshot saved at: reports/screenshots/TC01_Search_Submitted_20260519_234734.png
2026-05-19 23:47:34,852 - INFO - Closing Browser
2026-05-19 23:47:42,487 - INFO - Ending Test
2026-05-19 23:47:42,487 - INFO - =======================================
2026-05-19 23:51:19,853 - INFO - =======================================
2026-05-19 23:51:19,854 - INFO - Starting Test
2026-05-19 23:51:19,855 - INFO - Browser : chrome
2026-05-19 23:51:19,855 - INFO - Base URL : https://www.makemytrip.com/railways/
2026-05-19 23:51:19,855 - INFO - Implicit Wait : 5
2026-05-19 23:51:19,855 - INFO - Timeout : 10
2026-05-19 23:51:19,855 - INFO - Headless : False
2026-05-19 23:51:19,862 - INFO - ====== WebDriver manager ======
2026-05-19 23:51:20,623 - INFO - Driver [C:\Users\harsh\.wdm\drivers\chromedriver\win64\148.0.7778.167\chromedriver-win64/chromedriver.exe] found in cache by browser version
2026-05-19 23:51:23,072 - INFO - Opening URL : https://www.makemytrip.com/railways/
2026-05-19 23:51:29,926 - INFO - STARTING TS_01: Train search from Delhi to Ayodhya
2026-05-19 23:51:29,963 - INFO - STARTING TRAIN SEARCH
2026-05-19 23:51:33,658 - INFO - LOGIN POPUP CLOSED
2026-05-19 23:51:36,664 - INFO - FROM STATION: Delhi
2026-05-19 23:51:36,840 - INFO - CLICKED FIELD: Delhi
2026-05-19 23:51:40,265 - INFO - TYPED STATION: Delhi
2026-05-19 23:51:43,366 - INFO - SELECTED STATION: Delhi
2026-05-19 23:51:45,367 - INFO - TO STATION: Ayodhya
2026-05-19 23:51:45,398 - INFO - CLICKED FIELD: Ayodhya
2026-05-19 23:51:48,713 - INFO - TYPED STATION: Ayodhya
2026-05-19 23:51:51,802 - INFO - SELECTED STATION: Ayodhya
2026-05-19 23:51:53,840 - INFO - DATE BOX CLICKED
2026-05-19 23:51:55,870 - INFO - 30 MAY 2026 DATE SELECTED
2026-05-19 23:51:57,871 - INFO - CLICKING SEARCH BUTTON
2026-05-19 23:52:01,709 - INFO - SEARCH BUTTON CLICKED
2026-05-19 23:52:11,709 - INFO - TRAIN SEARCH COMPLETED
2026-05-19 23:52:11,709 - INFO - COMPLETED TS_01: Search parameters successfully submitted.
2026-05-19 23:52:11,872 - INFO - Screenshot saved at: reports/screenshots/TC01_Search_Submitted_20260519_235211.png
2026-05-19 23:52:11,934 - INFO - Closing Browser
2026-05-19 23:52:17,995 - INFO - Ending Test
2026-05-19 23:52:17,995 - INFO - =======================================
2026-05-19 23:52:36,721 - INFO - =======================================
2026-05-19 23:52:36,721 - INFO - Starting Test
2026-05-19 23:52:36,722 - INFO - Browser : chrome
2026-05-19 23:52:36,722 - INFO - Base URL : https://www.makemytrip.com/railways/
2026-05-19 23:52:36,722 - INFO - Implicit Wait : 5
2026-05-19 23:52:36,722 - INFO - Timeout : 10
2026-05-19 23:52:36,722 - INFO - Headless : False
2026-05-19 23:52:36,736 - INFO - ====== WebDriver manager ======
2026-05-19 23:52:38,007 - INFO - Driver [C:\Users\harsh\.wdm\drivers\chromedriver\win64\148.0.7778.167\chromedriver-win64/chromedriver.exe] found in cache by browser version
2026-05-19 23:52:40,340 - INFO - Opening URL : https://www.makemytrip.com/railways/
2026-05-19 23:52:40,990 - INFO - STARTING TS_02: Validating listing page for Delhi -> Ayodhya
2026-05-19 23:52:40,991 - INFO - STARTING TRAIN SEARCH
2026-05-19 23:52:45,255 - INFO - LOGIN POPUP CLOSED
2026-05-19 23:52:48,303 - INFO - FROM STATION: Delhi
2026-05-19 23:52:48,883 - INFO - CLICKED FIELD: Delhi
2026-05-19 23:52:52,113 - INFO - TYPED STATION: Delhi
2026-05-19 23:52:55,309 - INFO - SELECTED STATION: Delhi
2026-05-19 23:52:57,310 - INFO - TO STATION: Ayodhya
2026-05-19 23:52:57,403 - INFO - CLICKED FIELD: Ayodhya
2026-05-19 23:53:00,611 - INFO - TYPED STATION: Ayodhya
2026-05-19 23:53:03,667 - INFO - SELECTED STATION: Ayodhya
2026-05-19 23:53:05,734 - INFO - DATE BOX CLICKED
2026-05-19 23:53:07,762 - INFO - 30 MAY 2026 DATE SELECTED
2026-05-19 23:53:09,763 - INFO - CLICKING SEARCH BUTTON
2026-05-19 23:53:13,180 - INFO - SEARCH BUTTON CLICKED
2026-05-19 23:53:23,183 - INFO - TRAIN SEARCH COMPLETED
2026-05-19 23:53:23,183 - INFO - POM LOG: VERIFYING TRAIN SEARCH RESULTS PAGE
2026-05-19 23:53:25,203 - INFO - POM LOG: TRAIN SEARCH RESULTS CONTAINER VALIDATED
2026-05-19 23:53:25,203 - INFO - COMPLETED TS_02: Train list component rendering confirmed.
2026-05-19 23:53:25,359 - INFO - Screenshot saved at: reports/screenshots/TC02_Listing_Verified_20260519_235325.png
2026-05-19 23:53:25,802 - INFO - Closing Browser
2026-05-19 23:53:30,380 - INFO - Ending Test
2026-05-19 23:53:30,380 - INFO - =======================================
